State 36 conflicts: 2 reduce/reduce


Grammar

    0 $accept: input $end

    1 input: ε
    2      | input line

    3 line: HEADER INFO COLON line_info
    4     | HEADER IDENTIFIER COMMA LINE INT_OPERAND SEMICOLON WARNING
    5     | HEADER WARNING
    6     | HEADER IDENTIFIER COMMA LINE INT_OPERAND SEMICOLON DUPLICATE duplicate
    7     | HEADER FATAL

    8 line_info: function_name
    9          | function_info
   10          | gmem_info

   11 function_name: FUNC QUOTE IDENTIFIER QUOTE
   12              | FUNC QUOTE IDENTIFIER QUOTE FOR QUOTE IDENTIFIER QUOTE

   13 function_info: info
   14              | function_info COMMA info

   15 gmem_info: INT_OPERAND BYTES GMEM

   16 info: USED INT_OPERAND REGS
   17     | tuple LMEM
   18     | tuple SMEM
   19     | INT_OPERAND BYTES CMEM LEFT_SQUARE_BRACKET INT_OPERAND RIGHT_SQUARE_BRACKET
   20     | INT_OPERAND BYTES GMEM
   21     | INT_OPERAND BYTES LMEM
   22     | INT_OPERAND BYTES SMEM
   23     | INT_OPERAND BYTES CMEM
   24     | USED INT_OPERAND BARRIERS
   25     | INT_OPERAND REGS
   26     | INT_OPERAND TEXTURES
   27     | COMPILETIME INT_OPERAND PERIOD INT_OPERAND MS

   28 tuple: INT_OPERAND PLUS INT_OPERAND BYTES

   29 duplicate: FUNCTION QUOTE IDENTIFIER QUOTE
   30          | VARIABLE QUOTE IDENTIFIER QUOTE


Terminals, with rules where they appear

    $end (0) 0
    error (256)
    INT_OPERAND <int_value> (258) 4 6 15 16 19 20 21 22 23 24 25 26 27 28
    HEADER (259) 3 4 5 6 7
    INFO (260) 3
    FUNC (261) 11 12
    USED (262) 16 24
    REGS (263) 16 25
    BARRIERS (264) 24
    COMPILETIME (265) 27
    BYTES (266) 15 19 20 21 22 23 28
    LMEM (267) 17 21
    SMEM (268) 18 22
    CMEM (269) 19 23
    GMEM (270) 15 20
    IDENTIFIER <string_value> (271) 4 6 11 12 29 30
    PLUS (272) 28
    COMMA (273) 4 6 14
    LEFT_SQUARE_BRACKET (274) 19
    RIGHT_SQUARE_BRACKET (275) 19
    COLON (276) 3
    SEMICOLON (277) 4 6
    QUOTE (278) 11 12 29 30
    LINE (279) 4 6
    WARNING <string_value> (280) 4 5
    FOR (281) 12
    TEXTURES (282) 26
    DUPLICATE (283) 6
    FUNCTION <string_value> (284) 29
    VARIABLE <string_value> (285) 30
    FATAL (286) 7
    PERIOD (287) 27
    MS (288) 27


Nonterminals, with rules where they appear

    $accept (34)
        on left: 0
    input (35)
        on left: 1 2
        on right: 0 2
    line (36)
        on left: 3 4 5 6 7
        on right: 2
    line_info (37)
        on left: 8 9 10
        on right: 3
    function_name (38)
        on left: 11 12
        on right: 8
    function_info (39)
        on left: 13 14
        on right: 9 14
    gmem_info (40)
        on left: 15
        on right: 10
    info (41)
        on left: 16 17 18 19 20 21 22 23 24 25 26 27
        on right: 13 14
    tuple (42)
        on left: 28
        on right: 17 18
    duplicate (43)
        on left: 29 30
        on right: 6


State 0

    0 $accept: • input $end

    $default  reduce using rule 1 (input)

    input  go to state 1


State 1

    0 $accept: input • $end
    2 input: input • line

    $end    shift, and go to state 2
    HEADER  shift, and go to state 3

    line  go to state 4


State 2

    0 $accept: input $end •

    $default  accept


State 3

    3 line: HEADER • INFO COLON line_info
    4     | HEADER • IDENTIFIER COMMA LINE INT_OPERAND SEMICOLON WARNING
    5     | HEADER • WARNING
    6     | HEADER • IDENTIFIER COMMA LINE INT_OPERAND SEMICOLON DUPLICATE duplicate
    7     | HEADER • FATAL

    INFO        shift, and go to state 5
    IDENTIFIER  shift, and go to state 6
    WARNING     shift, and go to state 7
    FATAL       shift, and go to state 8


State 4

    2 input: input line •

    $default  reduce using rule 2 (input)


State 5

    3 line: HEADER INFO • COLON line_info

    COLON  shift, and go to state 9


State 6

    4 line: HEADER IDENTIFIER • COMMA LINE INT_OPERAND SEMICOLON WARNING
    6     | HEADER IDENTIFIER • COMMA LINE INT_OPERAND SEMICOLON DUPLICATE duplicate

    COMMA  shift, and go to state 10


State 7

    5 line: HEADER WARNING •

    $default  reduce using rule 5 (line)


State 8

    7 line: HEADER FATAL •

    $default  reduce using rule 7 (line)


State 9

    3 line: HEADER INFO COLON • line_info

    INT_OPERAND  shift, and go to state 11
    FUNC         shift, and go to state 12
    USED         shift, and go to state 13
    COMPILETIME  shift, and go to state 14

    line_info      go to state 15
    function_name  go to state 16
    function_info  go to state 17
    gmem_info      go to state 18
    info           go to state 19
    tuple          go to state 20


State 10

    4 line: HEADER IDENTIFIER COMMA • LINE INT_OPERAND SEMICOLON WARNING
    6     | HEADER IDENTIFIER COMMA • LINE INT_OPERAND SEMICOLON DUPLICATE duplicate

    LINE  shift, and go to state 21


State 11

   15 gmem_info: INT_OPERAND • BYTES GMEM
   19 info: INT_OPERAND • BYTES CMEM LEFT_SQUARE_BRACKET INT_OPERAND RIGHT_SQUARE_BRACKET
   20     | INT_OPERAND • BYTES GMEM
   21     | INT_OPERAND • BYTES LMEM
   22     | INT_OPERAND • BYTES SMEM
   23     | INT_OPERAND • BYTES CMEM
   25     | INT_OPERAND • REGS
   26     | INT_OPERAND • TEXTURES
   28 tuple: INT_OPERAND • PLUS INT_OPERAND BYTES

    REGS      shift, and go to state 22
    BYTES     shift, and go to state 23
    PLUS      shift, and go to state 24
    TEXTURES  shift, and go to state 25


State 12

   11 function_name: FUNC • QUOTE IDENTIFIER QUOTE
   12              | FUNC • QUOTE IDENTIFIER QUOTE FOR QUOTE IDENTIFIER QUOTE

    QUOTE  shift, and go to state 26


State 13

   16 info: USED • INT_OPERAND REGS
   24     | USED • INT_OPERAND BARRIERS

    INT_OPERAND  shift, and go to state 27


State 14

   27 info: COMPILETIME • INT_OPERAND PERIOD INT_OPERAND MS

    INT_OPERAND  shift, and go to state 28


State 15

    3 line: HEADER INFO COLON line_info •

    $default  reduce using rule 3 (line)


State 16

    8 line_info: function_name •

    $default  reduce using rule 8 (line_info)


State 17

    9 line_info: function_info •
   14 function_info: function_info • COMMA info

    COMMA  shift, and go to state 29

    $default  reduce using rule 9 (line_info)


State 18

   10 line_info: gmem_info •

    $default  reduce using rule 10 (line_info)


State 19

   13 function_info: info •

    $default  reduce using rule 13 (function_info)


State 20

   17 info: tuple • LMEM
   18     | tuple • SMEM

    LMEM  shift, and go to state 30
    SMEM  shift, and go to state 31


State 21

    4 line: HEADER IDENTIFIER COMMA LINE • INT_OPERAND SEMICOLON WARNING
    6     | HEADER IDENTIFIER COMMA LINE • INT_OPERAND SEMICOLON DUPLICATE duplicate

    INT_OPERAND  shift, and go to state 32


State 22

   25 info: INT_OPERAND REGS •

    $default  reduce using rule 25 (info)


State 23

   15 gmem_info: INT_OPERAND BYTES • GMEM
   19 info: INT_OPERAND BYTES • CMEM LEFT_SQUARE_BRACKET INT_OPERAND RIGHT_SQUARE_BRACKET
   20     | INT_OPERAND BYTES • GMEM
   21     | INT_OPERAND BYTES • LMEM
   22     | INT_OPERAND BYTES • SMEM
   23     | INT_OPERAND BYTES • CMEM

    LMEM  shift, and go to state 33
    SMEM  shift, and go to state 34
    CMEM  shift, and go to state 35
    GMEM  shift, and go to state 36


State 24

   28 tuple: INT_OPERAND PLUS • INT_OPERAND BYTES

    INT_OPERAND  shift, and go to state 37


State 25

   26 info: INT_OPERAND TEXTURES •

    $default  reduce using rule 26 (info)


State 26

   11 function_name: FUNC QUOTE • IDENTIFIER QUOTE
   12              | FUNC QUOTE • IDENTIFIER QUOTE FOR QUOTE IDENTIFIER QUOTE

    IDENTIFIER  shift, and go to state 38


State 27

   16 info: USED INT_OPERAND • REGS
   24     | USED INT_OPERAND • BARRIERS

    REGS      shift, and go to state 39
    BARRIERS  shift, and go to state 40


State 28

   27 info: COMPILETIME INT_OPERAND • PERIOD INT_OPERAND MS

    PERIOD  shift, and go to state 41


State 29

   14 function_info: function_info COMMA • info

    INT_OPERAND  shift, and go to state 42
    USED         shift, and go to state 13
    COMPILETIME  shift, and go to state 14

    info   go to state 43
    tuple  go to state 20


State 30

   17 info: tuple LMEM •

    $default  reduce using rule 17 (info)


State 31

   18 info: tuple SMEM •

    $default  reduce using rule 18 (info)


State 32

    4 line: HEADER IDENTIFIER COMMA LINE INT_OPERAND • SEMICOLON WARNING
    6     | HEADER IDENTIFIER COMMA LINE INT_OPERAND • SEMICOLON DUPLICATE duplicate

    SEMICOLON  shift, and go to state 44


State 33

   21 info: INT_OPERAND BYTES LMEM •

    $default  reduce using rule 21 (info)


State 34

   22 info: INT_OPERAND BYTES SMEM •

    $default  reduce using rule 22 (info)


State 35

   19 info: INT_OPERAND BYTES CMEM • LEFT_SQUARE_BRACKET INT_OPERAND RIGHT_SQUARE_BRACKET
   23     | INT_OPERAND BYTES CMEM •

    LEFT_SQUARE_BRACKET  shift, and go to state 45

    $default  reduce using rule 23 (info)


State 36

   15 gmem_info: INT_OPERAND BYTES GMEM •
   20 info: INT_OPERAND BYTES GMEM •

    $end      reduce using rule 15 (gmem_info)
    $end      [reduce using rule 20 (info)]
    HEADER    reduce using rule 15 (gmem_info)
    HEADER    [reduce using rule 20 (info)]
    COMMA     reduce using rule 20 (info)
    $default  reduce using rule 15 (gmem_info)


State 37

   28 tuple: INT_OPERAND PLUS INT_OPERAND • BYTES

    BYTES  shift, and go to state 46


State 38

   11 function_name: FUNC QUOTE IDENTIFIER • QUOTE
   12              | FUNC QUOTE IDENTIFIER • QUOTE FOR QUOTE IDENTIFIER QUOTE

    QUOTE  shift, and go to state 47


State 39

   16 info: USED INT_OPERAND REGS •

    $default  reduce using rule 16 (info)


State 40

   24 info: USED INT_OPERAND BARRIERS •

    $default  reduce using rule 24 (info)


State 41

   27 info: COMPILETIME INT_OPERAND PERIOD • INT_OPERAND MS

    INT_OPERAND  shift, and go to state 48


State 42

   19 info: INT_OPERAND • BYTES CMEM LEFT_SQUARE_BRACKET INT_OPERAND RIGHT_SQUARE_BRACKET
   20     | INT_OPERAND • BYTES GMEM
   21     | INT_OPERAND • BYTES LMEM
   22     | INT_OPERAND • BYTES SMEM
   23     | INT_OPERAND • BYTES CMEM
   25     | INT_OPERAND • REGS
   26     | INT_OPERAND • TEXTURES
   28 tuple: INT_OPERAND • PLUS INT_OPERAND BYTES

    REGS      shift, and go to state 22
    BYTES     shift, and go to state 49
    PLUS      shift, and go to state 24
    TEXTURES  shift, and go to state 25


State 43

   14 function_info: function_info COMMA info •

    $default  reduce using rule 14 (function_info)


State 44

    4 line: HEADER IDENTIFIER COMMA LINE INT_OPERAND SEMICOLON • WARNING
    6     | HEADER IDENTIFIER COMMA LINE INT_OPERAND SEMICOLON • DUPLICATE duplicate

    WARNING    shift, and go to state 50
    DUPLICATE  shift, and go to state 51


State 45

   19 info: INT_OPERAND BYTES CMEM LEFT_SQUARE_BRACKET • INT_OPERAND RIGHT_SQUARE_BRACKET

    INT_OPERAND  shift, and go to state 52


State 46

   28 tuple: INT_OPERAND PLUS INT_OPERAND BYTES •

    $default  reduce using rule 28 (tuple)


State 47

   11 function_name: FUNC QUOTE IDENTIFIER QUOTE •
   12              | FUNC QUOTE IDENTIFIER QUOTE • FOR QUOTE IDENTIFIER QUOTE

    FOR  shift, and go to state 53

    $default  reduce using rule 11 (function_name)


State 48

   27 info: COMPILETIME INT_OPERAND PERIOD INT_OPERAND • MS

    MS  shift, and go to state 54


State 49

   19 info: INT_OPERAND BYTES • CMEM LEFT_SQUARE_BRACKET INT_OPERAND RIGHT_SQUARE_BRACKET
   20     | INT_OPERAND BYTES • GMEM
   21     | INT_OPERAND BYTES • LMEM
   22     | INT_OPERAND BYTES • SMEM
   23     | INT_OPERAND BYTES • CMEM

    LMEM  shift, and go to state 33
    SMEM  shift, and go to state 34
    CMEM  shift, and go to state 35
    GMEM  shift, and go to state 55


State 50

    4 line: HEADER IDENTIFIER COMMA LINE INT_OPERAND SEMICOLON WARNING •

    $default  reduce using rule 4 (line)


State 51

    6 line: HEADER IDENTIFIER COMMA LINE INT_OPERAND SEMICOLON DUPLICATE • duplicate

    FUNCTION  shift, and go to state 56
    VARIABLE  shift, and go to state 57

    duplicate  go to state 58


State 52

   19 info: INT_OPERAND BYTES CMEM LEFT_SQUARE_BRACKET INT_OPERAND • RIGHT_SQUARE_BRACKET

    RIGHT_SQUARE_BRACKET  shift, and go to state 59


State 53

   12 function_name: FUNC QUOTE IDENTIFIER QUOTE FOR • QUOTE IDENTIFIER QUOTE

    QUOTE  shift, and go to state 60


State 54

   27 info: COMPILETIME INT_OPERAND PERIOD INT_OPERAND MS •

    $default  reduce using rule 27 (info)


State 55

   20 info: INT_OPERAND BYTES GMEM •

    $default  reduce using rule 20 (info)


State 56

   29 duplicate: FUNCTION • QUOTE IDENTIFIER QUOTE

    QUOTE  shift, and go to state 61


State 57

   30 duplicate: VARIABLE • QUOTE IDENTIFIER QUOTE

    QUOTE  shift, and go to state 62


State 58

    6 line: HEADER IDENTIFIER COMMA LINE INT_OPERAND SEMICOLON DUPLICATE duplicate •

    $default  reduce using rule 6 (line)


State 59

   19 info: INT_OPERAND BYTES CMEM LEFT_SQUARE_BRACKET INT_OPERAND RIGHT_SQUARE_BRACKET •

    $default  reduce using rule 19 (info)


State 60

   12 function_name: FUNC QUOTE IDENTIFIER QUOTE FOR QUOTE • IDENTIFIER QUOTE

    IDENTIFIER  shift, and go to state 63


State 61

   29 duplicate: FUNCTION QUOTE • IDENTIFIER QUOTE

    IDENTIFIER  shift, and go to state 64


State 62

   30 duplicate: VARIABLE QUOTE • IDENTIFIER QUOTE

    IDENTIFIER  shift, and go to state 65


State 63

   12 function_name: FUNC QUOTE IDENTIFIER QUOTE FOR QUOTE IDENTIFIER • QUOTE

    QUOTE  shift, and go to state 66


State 64

   29 duplicate: FUNCTION QUOTE IDENTIFIER • QUOTE

    QUOTE  shift, and go to state 67


State 65

   30 duplicate: VARIABLE QUOTE IDENTIFIER • QUOTE

    QUOTE  shift, and go to state 68


State 66

   12 function_name: FUNC QUOTE IDENTIFIER QUOTE FOR QUOTE IDENTIFIER QUOTE •

    $default  reduce using rule 12 (function_name)


State 67

   29 duplicate: FUNCTION QUOTE IDENTIFIER QUOTE •

    $default  reduce using rule 29 (duplicate)


State 68

   30 duplicate: VARIABLE QUOTE IDENTIFIER QUOTE •

    $default  reduce using rule 30 (duplicate)
